control:make
control:iter
control:next:0
control:next:1
control:use:1
control:next:2
control:use:2
return:make
return:iter
return:next:0
return:next:1
returned:1
outer:make
outer:iter
outer:next:0
outer:use:0
inner0:make
inner0:iter
inner0:next:0
pair:0:0
inner0:next:1
outer:next:1
outer:use:1
inner1:make
inner1:iter
inner1:next:0
pair:1:0
inner1:next:1
outer:next:2
