special 10/20
code 10/20/5/hot/30/90
code 10/20/0/hot/30/91
code 10/20/0/cold/30/90
code 10/20/0/hot/31/90
empty 7/8/idle/9/11
iflet special 10/20
iflet else
iflet else
iflet else
iflet shadow then 1
iflet shadow after 99
iflet shadow else 99
iflet shadow after 99
match shadow then 3
match shadow after 99
match shadow else 99
match shadow after 99
switch shadow then 5
switch shadow after 99
switch shadow else 99
switch shadow after 99
switch binding after 99
catch simple 6
catch simple after 99
catch chain then 8
catch chain after 99
catch chain outer 99
catch chain after 99
