empty_len=0
empty_is_empty=true
empty_map_len=0
empty_filter_len=0
empty_find_none=true
empty_any=false
empty_all=true
empty_fold=99
empty_flat_map_len=0
empty_get_none=true
empty_first_none=true
empty_last_none=true
empty_str_len=0
empty_str_is_empty=true
empty_str_split_len=1
empty_str_split_0=
empty_map_len=0
empty_map_is_empty=true
empty_map_keys_len=0
empty_map_entries_len=0
empty_map_get_none=true
empty_map_contains=false
empty_set_len=0
empty_set_is_empty=true
empty_set_to_list_len=0
empty_union_len=0
empty_intersect_len=0
empty_diff_len=0
done
