is_some=true
is_none=false
unwrap_or=42
n_is_some=false
n_is_none=true
n_unwrap_or=99
map_some=20
map_none=true
uoe_some=7
uoe_none=100
chain_map_unwrap=10
str_map=HELLO
str_map_none=default
find_chain=31
miss_chain=-1
get_chain=60
get_oob_chain=0
double_map=30
none_chain=true
compute_some=100
compute_none=6
done
