T1: Named { name: x, value: some(42) }
T2: Named { name: y, value: none }
T3: Named { name: z, value: some("hello") }
T4: Named { name: w, value: none }
T5: Config { host: some("localhost"), port: some(8080), tag: dev }
T6: Config { host: none, port: some(3000), tag: prod }
T7: Config { host: none, port: none, tag: empty }
T8a: true
T9a: false
T10a: false
T11a: true
T11b: Named { name: orig, value: some(99) }
adversarial_regress_debug_option_field: done
