capture: 15
cell: 3
hof: 24
returned: 10
twice: 15
twice lambda: 18
P(1,2) / P(1,2)!
green / COLOR green
stub: P(9,9)!
rank int: same
rank pt: less
rank pt2: same
rank color: more
eq: true false true
enum eq: true false
ord: true false
tagged: true false
clone: true
debug: Point { x: 4, y: 9 }
debug enum: Blue
wrapped: true false
nest: true false
nest debug: Nest { inner: Pair { a: 6, b: "q" } }
opt: true false true
fnval: P(8,8) / P(8,8)!
inner: P(5,0)
sorted: 1,2,3,4
