map_empty: true false
set_empty: true false
map_int_empty: true false
set_int_empty: true false
hello world
done
n=42
set_clear: len=0 empty=true
set_int_clear: len=0 empty=true
set_union: len=3
set_int_union: len=3
set_intersect: len=2
set_int_intersect: len=2
set_difference: len=1
set_int_difference: len=1
done
