--- and-false ---
check:a1
r1=false
--- and-true ---
check:a2
check:b2
r2=true
--- or-true ---
check:a3
r3=true
--- or-false ---
check:a4
check:b4
r4=true
--- triple-and ---
check:x1
check:x2
check:x3
r5=false
--- triple-and-short ---
check:y1
r6=false
--- triple-or ---
check:z1
check:z2
check:z3
r7=true
--- triple-or-short ---
check:w1
r8=true
--- mixed ---
check:m1
check:m2
check:m3
r9=true
--- str-compare ---
get:cmp
r10=true
r11=false
--- loop ---
loop_count=1
