T1: c:6;d:8;b:4;
T2: c=3;b=2;
T3a: true
T3b: evens_len=4
T4a: true
T4b: false
T5: carol(90,PASS);bob(80,FAIL);alice(95,PASS);
T6: scores: [carol=90] [bob=80] [alice=95]
T7a: empty_filter_len=0
T7b: empty_any=false
T7c: empty_fold=init
T7d: empty_mv_len=0
T8a: empty_set_filter_len=0
T8b: empty_set_any=false
T8c: empty_set_all=true
T8d: empty_set_fold=0
adversarial_regress_map_chain_ops: done
