point: 1,2
assigned: 40
nested: 7 box
spread: 100,40
area circle: 12
area rect: 12
area empty: 0
tree: 15
small
small
two
medium
huge
peel wide: 9
peel tall: 33
peel none: -1
iflet: 11
iflet2: none
opt match: 11
div ok: 5
div err: div by zero
tuple: circle 1 five
nested: node
greeting-hi
bonus: 101
